// Jest Snapshot v1, https://goo.gl/fbAQLP

exports[`<StyledInputIcon /> <StyledInputIcon /> icon attributes should render the email icon 1`] = `
<span
  className="sc-bdVaJa lkPXav"
  type="email"
/>
`;

exports[`<StyledInputIcon /> <StyledInputIcon /> icon attributes should render the password icon 1`] = `
<span
  className="sc-bdVaJa fsSfwc"
  type="password"
/>
`;

exports[`<StyledInputIcon /> <StyledInputIcon /> icon attributes should render the search icon 1`] = `
<span
  className="sc-bdVaJa otneW"
  type="search"
/>
`;
